// Jest Snapshot v1, https://goo.gl/fbAQLP

exports[`Cards should render a Cards match snapshot 1`] = `
<div
  class="css-15n0lfp"
  data-testid="cards"
>
  <div
    class="css-1in26ok"
  >
    <div
      class="css-1ggrfbi"
      data-testid="card"
    >
      <h2
        class="css-1dv4iqg"
      >
        , 
        country 1
      </h2>
      <div
        class="css-70qvj9"
      >
        <div
          class="css-q9rcy5"
        >
          <button
            class="chakra-button css-5c2176"
            data-testid="visited-button"
            type="button"
          >
            Not visited
          </button>
        </div>
        <div
          class="css-17xejub"
        />
        <div
          class="css-q9rcy5"
        >
          <button
            aria-label="Send email"
            class="chakra-button css-198bfjk"
            data-testid="favorite-button"
            type="button"
          >
            <svg
              aria-hidden="true"
              fill="currentColor"
              focusable="false"
              height="1em"
              stroke="currentColor"
              stroke-width="0"
              viewBox="0 0 16 16"
              width="1em"
              xmlns="http://www.w3.org/2000/svg"
            >
              <path
                clip-rule="evenodd"
                d="M8 2.748l-.717-.737C5.6.281 2.514.878 1.4 3.053c-.523 1.023-.641 2.5.314 4.385.92 1.815 2.834 3.989 6.286 6.357 3.452-2.368 5.365-4.542 6.286-6.357.955-1.886.838-3.362.314-4.385C13.486.878 10.4.28 8.717 2.01L8 2.748zM8 15C-7.333 4.868 3.279-3.04 7.824 1.143c.06.055.119.112.176.171a3.12 3.12 0 01.176-.17C12.72-3.042 23.333 4.867 8 15z"
                fill-rule="evenodd"
              />
            </svg>
          </button>
        </div>
      </div>
    </div>
  </div>
  <div
    class="css-1in26ok"
  >
    <div
      class="css-1ggrfbi"
      data-testid="card"
    >
      <h2
        class="css-1dv4iqg"
      >
        , 
        country 2
      </h2>
      <div
        class="css-70qvj9"
      >
        <div
          class="css-q9rcy5"
        >
          <button
            class="chakra-button css-5c2176"
            data-testid="visited-button"
            type="button"
          >
            Not visited
          </button>
        </div>
        <div
          class="css-17xejub"
        />
        <div
          class="css-q9rcy5"
        >
          <button
            aria-label="Send email"
            class="chakra-button css-198bfjk"
            data-testid="favorite-button"
            type="button"
          >
            <svg
              aria-hidden="true"
              fill="currentColor"
              focusable="false"
              height="1em"
              stroke="currentColor"
              stroke-width="0"
              viewBox="0 0 16 16"
              width="1em"
              xmlns="http://www.w3.org/2000/svg"
            >
              <path
                clip-rule="evenodd"
                d="M8 2.748l-.717-.737C5.6.281 2.514.878 1.4 3.053c-.523 1.023-.641 2.5.314 4.385.92 1.815 2.834 3.989 6.286 6.357 3.452-2.368 5.365-4.542 6.286-6.357.955-1.886.838-3.362.314-4.385C13.486.878 10.4.28 8.717 2.01L8 2.748zM8 15C-7.333 4.868 3.279-3.04 7.824 1.143c.06.055.119.112.176.171a3.12 3.12 0 01.176-.17C12.72-3.042 23.333 4.867 8 15z"
                fill-rule="evenodd"
              />
            </svg>
          </button>
        </div>
      </div>
    </div>
  </div>
</div>
`;
