// Jest Snapshot v1, https://goo.gl/fbAQLP

exports[`Form render a Form match snapshot 1`] = `
<form
  data-testid="form"
>
  <div
    class="chakra-form-control css-0"
    role="group"
  >
    <input
      class="chakra-input css-0"
      id="search"
      placeholder="Type city"
      value="test"
    />
    <div
      class="chakra-input__right-element css-dp9r5f"
    >
      <button
        aria-label="submit"
        class="chakra-button css-198bfjk"
        data-testid="submit-button"
        type="submit"
      >
        <svg
          aria-hidden="true"
          class="chakra-icon css-onkibi"
          focusable="false"
          viewBox="0 0 24 24"
        >
          <path
            d="M23.414,20.591l-4.645-4.645a10.256,10.256,0,1,0-2.828,2.829l4.645,4.644a2.025,2.025,0,0,0,2.828,0A2,2,0,0,0,23.414,20.591ZM10.25,3.005A7.25,7.25,0,1,1,3,10.255,7.258,7.258,0,0,1,10.25,3.005Z"
            fill="currentColor"
          />
        </svg>
      </button>
    </div>
  </div>
</form>
`;
